screens/AppointmentFormScreen.tsx(135,91): error TS2538: Type 'unknown' cannot be used as an index type.
